// Jest Snapshot v1, https://goo.gl/fbAQLP

exports[`Search renders correctly 1`] = `
<DocumentFragment>
  <form>
    <input
      class="search-bar"
      type="text"
    />
    <button
      class="search-button"
      type="submit"
    >
      Go!
    </button>
  </form>
</DocumentFragment>
`;
